[0.000000] (-) TimerEvent: {}
[0.000606] (-) JobUnselected: {'identifier': 'imu_driver'}
[0.000931] (-) JobUnselected: {'identifier': 'mia_hand_description'}
[0.001274] (-) JobUnselected: {'identifier': 'mia_hand_driver'}
[0.001565] (-) JobUnselected: {'identifier': 'mia_hand_moveit_config'}
[0.001658] (-) JobUnselected: {'identifier': 'mia_hand_msgs'}
[0.001731] (-) JobUnselected: {'identifier': 'mia_hand_mujoco'}
[0.001798] (-) JobUnselected: {'identifier': 'mia_hand_ros2_control'}
[0.001861] (-) JobUnselected: {'identifier': 'mia_hand_ros2_pkgs'}
[0.001929] (-) JobUnselected: {'identifier': 'ov_core'}
[0.001992] (-) JobUnselected: {'identifier': 'ov_data'}
[0.002056] (-) JobUnselected: {'identifier': 'ov_eval'}
[0.002373] (-) JobUnselected: {'identifier': 'ov_init'}
[0.002468] (-) JobUnselected: {'identifier': 'ov_msckf'}
[0.002519] (-) JobUnselected: {'identifier': 'realsense2_camera'}
[0.002563] (-) JobUnselected: {'identifier': 'realsense2_camera_msgs'}
[0.002617] (-) JobUnselected: {'identifier': 'realsense2_description'}
[0.002840] (-) JobUnselected: {'identifier': 'realsense2_ros_mqtt_bridge'}
[0.002923] (-) JobUnselected: {'identifier': 'realsense2_rviz_plugin'}
[0.003007] (sensor_fusion_bringup) JobQueued: {'identifier': 'sensor_fusion_bringup', 'dependencies': OrderedDict({'imu_driver': '/miahand_ws/src/install_overlay/imu_driver'})}
[0.003102] (sensor_fusion_bringup) JobStarted: {'identifier': 'sensor_fusion_bringup'}
[0.028172] (sensor_fusion_bringup) JobProgress: {'identifier': 'sensor_fusion_bringup', 'progress': 'cmake'}
[0.029904] (sensor_fusion_bringup) JobProgress: {'identifier': 'sensor_fusion_bringup', 'progress': 'build'}
[0.031235] (sensor_fusion_bringup) Command: {'cmd': ['/usr/bin/cmake', '--build', '/miahand_ws/src/build_overlay/sensor_fusion_bringup'], 'cwd': '/miahand_ws/src/build_overlay/sensor_fusion_bringup', 'env': OrderedDict({'CMAKE_BUILD_PARALLEL_LEVEL': '1', 'GZ_CONFIG_PATH': '/opt/ros/jazzy/opt/sdformat_vendor/share/gz', 'HOSTNAME': 'ubuntu', 'SHLVL': '1', 'LD_LIBRARY_PATH': '/miahand_ws/install/realsense2_camera/lib:/miahand_ws/install/realsense2_camera_msgs/lib:/miahand_ws/install/ov_msckf/lib:/miahand_ws/install/ov_init/lib:/miahand_ws/install/ov_eval/lib:/miahand_ws/install/ov_core/lib:/miahand_ws/install/mia_hand_ros2_control/lib:/miahand_ws/install/mia_hand_mujoco/lib:/miahand_ws/install/mia_hand_driver/lib:/miahand_ws/install/mia_hand_msgs/lib:/miahand_ws/install/mia_hand_description/lib:/opt/ros/jazzy/opt/sdformat_vendor/lib:/opt/ros/jazzy/opt/rviz_ogre_vendor/lib:/opt/ros/jazzy/lib/aarch64-linux-gnu:/opt/ros/jazzy/opt/gz_math_vendor/lib:/opt/ros/jazzy/opt/gz_utils_vendor/lib:/opt/ros/jazzy/opt/gz_tools_vendor/lib:/opt/ros/jazzy/opt/gz_cmake_vendor/lib:/opt/ros/jazzy/lib::/opt/mujoco/mujoco-3.3.4/lib', 'HOME': '/root', 'OLDPWD': '/miahand_ws', 'ROS_PYTHON_VERSION': '3', 'MAKEFLAGS': '-j1', 'COLCON_PREFIX_PATH': '/miahand_ws/install', 'ROS_DISTRO': 'jazzy', '_': '/usr/bin/colcon', 'ROS_VERSION': '2', 'NVIDIA_DRIVER_CAPABILITIES': 'graphics,display,compute,utility', 'TERM': 'xterm', 'RUSTUP_HOME': '/usr/local/rustup', 'QT_X11_NO_MITSHM': '1', 'PATH': '/opt/ros/jazzy/opt/gz_tools_vendor/bin:/opt/ros/jazzy/bin:/usr/local/cargo/bin:/usr/local/sbin:/usr/local/bin:/usr/sbin:/usr/bin:/sbin:/bin', 'MUJOCO_DIR': '/opt/mujoco/mujoco-3.3.4', 'DISPLAY': ':1', 'LANG': 'C.UTF-8', 'RMW_IMPLEMENTATION': 'rmw_cyclonedds_cpp', 'tty': 'true', 'XAUTHORITY': '/tmp/.Xauthority', 'AMENT_PREFIX_PATH': '/miahand_ws/install/sensor_fusion_bringup:/miahand_ws/install/realsense2_rviz_plugin:/miahand_ws/install/realsense2_ros_mqtt_bridge:/miahand_ws/install/realsense2_description:/miahand_ws/install/realsense2_camera:/miahand_ws/install/realsense2_camera_msgs:/miahand_ws/install/ov_msckf:/miahand_ws/install/ov_init:/miahand_ws/install/ov_eval:/miahand_ws/install/ov_data:/miahand_ws/install/ov_core:/miahand_ws/install/mia_hand_ros2_pkgs:/miahand_ws/install/mia_hand_moveit_config:/miahand_ws/install/mia_hand_ros2_control:/miahand_ws/install/mia_hand_mujoco:/miahand_ws/install/mia_hand_driver:/miahand_ws/install/mia_hand_msgs:/miahand_ws/install/mia_hand_description:/miahand_ws/install/imu_driver:/opt/ros/jazzy', 'DEBIAN_FRONTEND': 'noninteractive', 'ROS_AUTOMATIC_DISCOVERY_RANGE': 'LOCALHOST', 'PWD': '/miahand_ws/src/build_overlay/sensor_fusion_bringup', 'LC_ALL': 'C.UTF-8', 'CARGO_HOME': '/usr/local/cargo', 'PYTHONPATH': '/miahand_ws/install/realsense2_ros_mqtt_bridge/lib/python3.12/site-packages:/miahand_ws/install/realsense2_camera_msgs/lib/python3.12/site-packages:/miahand_ws/install/mia_hand_msgs/lib/python3.12/site-packages:/opt/ros/jazzy/lib/python3.12/site-packages', 'NVIDIA_VISIBLE_DEVICES': 'void', 'COLCON': '1', 'MUJOCO_VERSION': '3.3.4', 'CMAKE_PREFIX_PATH': '/miahand_ws/install/sensor_fusion_bringup:/miahand_ws/install/realsense2_rviz_plugin:/miahand_ws/install/realsense2_description:/miahand_ws/install/realsense2_camera:/miahand_ws/install/realsense2_camera_msgs:/miahand_ws/install/ov_msckf:/miahand_ws/install/ov_init:/miahand_ws/install/ov_eval:/miahand_ws/install/ov_data:/miahand_ws/install/ov_core:/miahand_ws/install/mia_hand_ros2_pkgs:/miahand_ws/install/mia_hand_moveit_config:/miahand_ws/install/mia_hand_ros2_control:/miahand_ws/install/mia_hand_mujoco:/miahand_ws/install/mia_hand_driver:/miahand_ws/install/mia_hand_msgs:/miahand_ws/install/mia_hand_description:/miahand_ws/install/imu_driver:/opt/ros/jazzy/opt/sdformat_vendor:/opt/ros/jazzy/opt/gz_math_vendor:/opt/ros/jazzy/opt/gz_utils_vendor:/opt/ros/jazzy/opt/gz_tools_vendor:/opt/ros/jazzy/opt/gz_cmake_vendor:/miahand_ws/install/realsense2_ros_mqtt_bridge:/opt/ros/jazzy'}), 'shell': False}
[0.099528] (-) TimerEvent: {}
[0.153513] (sensor_fusion_bringup) CommandEnded: {'returncode': 0}
[0.155092] (sensor_fusion_bringup) JobProgress: {'identifier': 'sensor_fusion_bringup', 'progress': 'install'}
[0.180286] (sensor_fusion_bringup) Command: {'cmd': ['/usr/bin/cmake', '--install', '/miahand_ws/src/build_overlay/sensor_fusion_bringup'], 'cwd': '/miahand_ws/src/build_overlay/sensor_fusion_bringup', 'env': OrderedDict({'CMAKE_BUILD_PARALLEL_LEVEL': '1', 'GZ_CONFIG_PATH': '/opt/ros/jazzy/opt/sdformat_vendor/share/gz', 'HOSTNAME': 'ubuntu', 'SHLVL': '1', 'LD_LIBRARY_PATH': '/miahand_ws/install/realsense2_camera/lib:/miahand_ws/install/realsense2_camera_msgs/lib:/miahand_ws/install/ov_msckf/lib:/miahand_ws/install/ov_init/lib:/miahand_ws/install/ov_eval/lib:/miahand_ws/install/ov_core/lib:/miahand_ws/install/mia_hand_ros2_control/lib:/miahand_ws/install/mia_hand_mujoco/lib:/miahand_ws/install/mia_hand_driver/lib:/miahand_ws/install/mia_hand_msgs/lib:/miahand_ws/install/mia_hand_description/lib:/opt/ros/jazzy/opt/sdformat_vendor/lib:/opt/ros/jazzy/opt/rviz_ogre_vendor/lib:/opt/ros/jazzy/lib/aarch64-linux-gnu:/opt/ros/jazzy/opt/gz_math_vendor/lib:/opt/ros/jazzy/opt/gz_utils_vendor/lib:/opt/ros/jazzy/opt/gz_tools_vendor/lib:/opt/ros/jazzy/opt/gz_cmake_vendor/lib:/opt/ros/jazzy/lib::/opt/mujoco/mujoco-3.3.4/lib', 'HOME': '/root', 'OLDPWD': '/miahand_ws', 'ROS_PYTHON_VERSION': '3', 'MAKEFLAGS': '-j1', 'COLCON_PREFIX_PATH': '/miahand_ws/install', 'ROS_DISTRO': 'jazzy', '_': '/usr/bin/colcon', 'ROS_VERSION': '2', 'NVIDIA_DRIVER_CAPABILITIES': 'graphics,display,compute,utility', 'TERM': 'xterm', 'RUSTUP_HOME': '/usr/local/rustup', 'QT_X11_NO_MITSHM': '1', 'PATH': '/opt/ros/jazzy/opt/gz_tools_vendor/bin:/opt/ros/jazzy/bin:/usr/local/cargo/bin:/usr/local/sbin:/usr/local/bin:/usr/sbin:/usr/bin:/sbin:/bin', 'MUJOCO_DIR': '/opt/mujoco/mujoco-3.3.4', 'DISPLAY': ':1', 'LANG': 'C.UTF-8', 'RMW_IMPLEMENTATION': 'rmw_cyclonedds_cpp', 'tty': 'true', 'XAUTHORITY': '/tmp/.Xauthority', 'AMENT_PREFIX_PATH': '/miahand_ws/install/sensor_fusion_bringup:/miahand_ws/install/realsense2_rviz_plugin:/miahand_ws/install/realsense2_ros_mqtt_bridge:/miahand_ws/install/realsense2_description:/miahand_ws/install/realsense2_camera:/miahand_ws/install/realsense2_camera_msgs:/miahand_ws/install/ov_msckf:/miahand_ws/install/ov_init:/miahand_ws/install/ov_eval:/miahand_ws/install/ov_data:/miahand_ws/install/ov_core:/miahand_ws/install/mia_hand_ros2_pkgs:/miahand_ws/install/mia_hand_moveit_config:/miahand_ws/install/mia_hand_ros2_control:/miahand_ws/install/mia_hand_mujoco:/miahand_ws/install/mia_hand_driver:/miahand_ws/install/mia_hand_msgs:/miahand_ws/install/mia_hand_description:/miahand_ws/install/imu_driver:/opt/ros/jazzy', 'DEBIAN_FRONTEND': 'noninteractive', 'ROS_AUTOMATIC_DISCOVERY_RANGE': 'LOCALHOST', 'PWD': '/miahand_ws/src/build_overlay/sensor_fusion_bringup', 'LC_ALL': 'C.UTF-8', 'CARGO_HOME': '/usr/local/cargo', 'PYTHONPATH': '/miahand_ws/install/realsense2_ros_mqtt_bridge/lib/python3.12/site-packages:/miahand_ws/install/realsense2_camera_msgs/lib/python3.12/site-packages:/miahand_ws/install/mia_hand_msgs/lib/python3.12/site-packages:/opt/ros/jazzy/lib/python3.12/site-packages', 'NVIDIA_VISIBLE_DEVICES': 'void', 'COLCON': '1', 'MUJOCO_VERSION': '3.3.4', 'CMAKE_PREFIX_PATH': '/miahand_ws/install/sensor_fusion_bringup:/miahand_ws/install/realsense2_rviz_plugin:/miahand_ws/install/realsense2_description:/miahand_ws/install/realsense2_camera:/miahand_ws/install/realsense2_camera_msgs:/miahand_ws/install/ov_msckf:/miahand_ws/install/ov_init:/miahand_ws/install/ov_eval:/miahand_ws/install/ov_data:/miahand_ws/install/ov_core:/miahand_ws/install/mia_hand_ros2_pkgs:/miahand_ws/install/mia_hand_moveit_config:/miahand_ws/install/mia_hand_ros2_control:/miahand_ws/install/mia_hand_mujoco:/miahand_ws/install/mia_hand_driver:/miahand_ws/install/mia_hand_msgs:/miahand_ws/install/mia_hand_description:/miahand_ws/install/imu_driver:/opt/ros/jazzy/opt/sdformat_vendor:/opt/ros/jazzy/opt/gz_math_vendor:/opt/ros/jazzy/opt/gz_utils_vendor:/opt/ros/jazzy/opt/gz_tools_vendor:/opt/ros/jazzy/opt/gz_cmake_vendor:/miahand_ws/install/realsense2_ros_mqtt_bridge:/opt/ros/jazzy'}), 'shell': False}
[0.199709] (-) TimerEvent: {}
[0.204223] (sensor_fusion_bringup) StdoutLine: {'line': b'-- Install configuration: ""\n'}
[0.205182] (sensor_fusion_bringup) StdoutLine: {'line': b'-- Execute custom install script\n'}
[0.206283] (sensor_fusion_bringup) StdoutLine: {'line': b'-- Up-to-date symlink: /miahand_ws/src/install_overlay/sensor_fusion_bringup/share/sensor_fusion_bringup/launch/dual_d435i.launch.py\n'}
[0.206639] (sensor_fusion_bringup) StdoutLine: {'line': b'-- Symlinking: /miahand_ws/src/install_overlay/sensor_fusion_bringup/share/sensor_fusion_bringup/launch/head_d435i_openvins.launch.py\n'}
[0.230812] (sensor_fusion_bringup) StdoutLine: {'line': b'-- Up-to-date symlink: /miahand_ws/src/install_overlay/sensor_fusion_bringup/share/sensor_fusion_bringup/launch/single_d435i.launch.py\n'}
[0.231563] (sensor_fusion_bringup) StdoutLine: {'line': b'-- Up-to-date symlink: /miahand_ws/src/install_overlay/sensor_fusion_bringup/share/sensor_fusion_bringup/launch/two_imus.launch.py\n'}
[0.231792] (sensor_fusion_bringup) StdoutLine: {'line': b'-- Up-to-date symlink: /miahand_ws/src/install_overlay/sensor_fusion_bringup/share/sensor_fusion_bringup/launch/two_imus_ekf.launch.py\n'}
[0.232161] (sensor_fusion_bringup) StdoutLine: {'line': b'-- Up-to-date symlink: /miahand_ws/src/install_overlay/sensor_fusion_bringup/share/sensor_fusion_bringup/config/d435i_cameras.yaml\n'}
[0.232458] (sensor_fusion_bringup) StdoutLine: {'line': b'-- Up-to-date symlink: /miahand_ws/src/install_overlay/sensor_fusion_bringup/share/sensor_fusion_bringup/config/ekf_imu_only.yaml\n'}
[0.232780] (sensor_fusion_bringup) StdoutLine: {'line': b'-- Up-to-date symlink: /miahand_ws/src/install_overlay/sensor_fusion_bringup/share/sensor_fusion_bringup/config/openvins/head_d435i_336222071386/estimator_config.yaml\n'}
[0.233221] (sensor_fusion_bringup) StdoutLine: {'line': b'-- Up-to-date symlink: /miahand_ws/src/install_overlay/sensor_fusion_bringup/share/sensor_fusion_bringup/config/openvins/head_d435i_336222071386/imu_noise_inflated10x_source.yaml\n'}
[0.233624] (sensor_fusion_bringup) StdoutLine: {'line': b'-- Up-to-date symlink: /miahand_ws/src/install_overlay/sensor_fusion_bringup/share/sensor_fusion_bringup/config/openvins/head_d435i_336222071386/kalibr_imu_chain.yaml\n'}
[0.233963] (sensor_fusion_bringup) StdoutLine: {'line': b'-- Up-to-date symlink: /miahand_ws/src/install_overlay/sensor_fusion_bringup/share/sensor_fusion_bringup/config/openvins/head_d435i_336222071386/kalibr_imucam_chain.yaml\n'}
[0.234329] (sensor_fusion_bringup) StdoutLine: {'line': b'-- Up-to-date symlink: /miahand_ws/src/install_overlay/sensor_fusion_bringup/share/ament_index/resource_index/package_run_dependencies/sensor_fusion_bringup\n'}
[0.234902] (sensor_fusion_bringup) StdoutLine: {'line': b'-- Up-to-date symlink: /miahand_ws/src/install_overlay/sensor_fusion_bringup/share/ament_index/resource_index/parent_prefix_path/sensor_fusion_bringup\n'}
[0.235216] (sensor_fusion_bringup) StdoutLine: {'line': b'-- Up-to-date symlink: /miahand_ws/src/install_overlay/sensor_fusion_bringup/share/sensor_fusion_bringup/environment/ament_prefix_path.sh\n'}
[0.235478] (sensor_fusion_bringup) StdoutLine: {'line': b'-- Up-to-date symlink: /miahand_ws/src/install_overlay/sensor_fusion_bringup/share/sensor_fusion_bringup/environment/ament_prefix_path.dsv\n'}
[0.235719] (sensor_fusion_bringup) StdoutLine: {'line': b'-- Up-to-date symlink: /miahand_ws/src/install_overlay/sensor_fusion_bringup/share/sensor_fusion_bringup/environment/path.sh\n'}
[0.236017] (sensor_fusion_bringup) StdoutLine: {'line': b'-- Up-to-date symlink: /miahand_ws/src/install_overlay/sensor_fusion_bringup/share/sensor_fusion_bringup/environment/path.dsv\n'}
[0.236366] (sensor_fusion_bringup) StdoutLine: {'line': b'-- Up-to-date symlink: /miahand_ws/src/install_overlay/sensor_fusion_bringup/share/sensor_fusion_bringup/local_setup.bash\n'}
[0.236736] (sensor_fusion_bringup) StdoutLine: {'line': b'-- Up-to-date symlink: /miahand_ws/src/install_overlay/sensor_fusion_bringup/share/sensor_fusion_bringup/local_setup.sh\n'}
[0.238165] (sensor_fusion_bringup) StdoutLine: {'line': b'-- Up-to-date symlink: /miahand_ws/src/install_overlay/sensor_fusion_bringup/share/sensor_fusion_bringup/local_setup.zsh\n'}
[0.238521] (sensor_fusion_bringup) StdoutLine: {'line': b'-- Up-to-date symlink: /miahand_ws/src/install_overlay/sensor_fusion_bringup/share/sensor_fusion_bringup/local_setup.dsv\n'}
[0.239066] (sensor_fusion_bringup) StdoutLine: {'line': b'-- Symlinking: /miahand_ws/src/install_overlay/sensor_fusion_bringup/share/sensor_fusion_bringup/package.dsv\n'}
[0.262232] (sensor_fusion_bringup) StdoutLine: {'line': b'-- Up-to-date symlink: /miahand_ws/src/install_overlay/sensor_fusion_bringup/share/ament_index/resource_index/packages/sensor_fusion_bringup\n'}
[0.263272] (sensor_fusion_bringup) StdoutLine: {'line': b'-- Up-to-date symlink: /miahand_ws/src/install_overlay/sensor_fusion_bringup/share/sensor_fusion_bringup/cmake/sensor_fusion_bringupConfig.cmake\n'}
[0.263640] (sensor_fusion_bringup) StdoutLine: {'line': b'-- Up-to-date symlink: /miahand_ws/src/install_overlay/sensor_fusion_bringup/share/sensor_fusion_bringup/cmake/sensor_fusion_bringupConfig-version.cmake\n'}
[0.263868] (sensor_fusion_bringup) StdoutLine: {'line': b'-- Up-to-date symlink: /miahand_ws/src/install_overlay/sensor_fusion_bringup/share/sensor_fusion_bringup/package.xml\n'}
[0.266826] (sensor_fusion_bringup) CommandEnded: {'returncode': 0}
[0.300747] (-) TimerEvent: {}
[0.335062] (sensor_fusion_bringup) JobEnded: {'identifier': 'sensor_fusion_bringup', 'rc': 0}
[0.338157] (-) EventReactorShutdown: {}
