[0.000000] (-) TimerEvent: {}
[0.000695] (-) JobUnselected: {'identifier': 'imu_driver'}
[0.000814] (-) JobUnselected: {'identifier': 'mia_hand_description'}
[0.000873] (-) JobUnselected: {'identifier': 'mia_hand_driver'}
[0.001178] (-) JobUnselected: {'identifier': 'mia_hand_moveit_config'}
[0.001437] (-) JobUnselected: {'identifier': 'mia_hand_msgs'}
[0.001761] (-) JobUnselected: {'identifier': 'mia_hand_mujoco'}
[0.001861] (-) JobUnselected: {'identifier': 'mia_hand_ros2_control'}
[0.001945] (-) JobUnselected: {'identifier': 'mia_hand_ros2_pkgs'}
[0.002024] (-) JobUnselected: {'identifier': 'ov_core'}
[0.002101] (-) JobUnselected: {'identifier': 'ov_data'}
[0.002181] (-) JobUnselected: {'identifier': 'ov_eval'}
[0.002260] (-) JobUnselected: {'identifier': 'ov_init'}
[0.002338] (-) JobUnselected: {'identifier': 'ov_msckf'}
[0.002415] (-) JobUnselected: {'identifier': 'realsense2_camera'}
[0.002482] (-) JobUnselected: {'identifier': 'realsense2_camera_msgs'}
[0.002521] (-) JobUnselected: {'identifier': 'realsense2_description'}
[0.002604] (-) JobUnselected: {'identifier': 'realsense2_ros_mqtt_bridge'}
[0.002671] (-) JobUnselected: {'identifier': 'realsense2_rviz_plugin'}
[0.002746] (sensor_fusion_bringup) JobQueued: {'identifier': 'sensor_fusion_bringup', 'dependencies': OrderedDict({'imu_driver': '/miahand_ws/src/install_overlay/imu_driver'})}
[0.002939] (sensor_fusion_bringup) JobStarted: {'identifier': 'sensor_fusion_bringup'}
[0.027569] (sensor_fusion_bringup) JobProgress: {'identifier': 'sensor_fusion_bringup', 'progress': 'cmake'}
[0.028800] (sensor_fusion_bringup) Command: {'cmd': ['/usr/bin/cmake', '/miahand_ws/src/multi_cam_localization/sensor_fusion_bringup', '-DAMENT_CMAKE_SYMLINK_INSTALL=1', '-DCMAKE_INSTALL_PREFIX=/miahand_ws/src/install_overlay/sensor_fusion_bringup'], 'cwd': '/miahand_ws/src/build_overlay/sensor_fusion_bringup', 'env': OrderedDict({'CMAKE_BUILD_PARALLEL_LEVEL': '1', 'GZ_CONFIG_PATH': '/opt/ros/jazzy/opt/sdformat_vendor/share/gz', 'HOSTNAME': 'ubuntu', 'SHLVL': '1', 'LD_LIBRARY_PATH': '/miahand_ws/install/realsense2_camera/lib:/miahand_ws/install/realsense2_camera_msgs/lib:/miahand_ws/install/ov_msckf/lib:/miahand_ws/install/ov_init/lib:/miahand_ws/install/ov_eval/lib:/miahand_ws/install/ov_core/lib:/miahand_ws/install/mia_hand_ros2_control/lib:/miahand_ws/install/mia_hand_mujoco/lib:/miahand_ws/install/mia_hand_driver/lib:/miahand_ws/install/mia_hand_msgs/lib:/miahand_ws/install/mia_hand_description/lib:/opt/ros/jazzy/opt/sdformat_vendor/lib:/opt/ros/jazzy/opt/rviz_ogre_vendor/lib:/opt/ros/jazzy/lib/aarch64-linux-gnu:/opt/ros/jazzy/opt/gz_math_vendor/lib:/opt/ros/jazzy/opt/gz_utils_vendor/lib:/opt/ros/jazzy/opt/gz_tools_vendor/lib:/opt/ros/jazzy/opt/gz_cmake_vendor/lib:/opt/ros/jazzy/lib::/opt/mujoco/mujoco-3.3.4/lib', 'HOME': '/root', 'OLDPWD': '/miahand_ws', 'ROS_PYTHON_VERSION': '3', 'MAKEFLAGS': '-j1', 'COLCON_PREFIX_PATH': '/miahand_ws/install', 'ROS_DISTRO': 'jazzy', '_': '/usr/bin/colcon', 'ROS_VERSION': '2', 'NVIDIA_DRIVER_CAPABILITIES': 'graphics,display,compute,utility', 'TERM': 'xterm', 'RUSTUP_HOME': '/usr/local/rustup', 'QT_X11_NO_MITSHM': '1', 'PATH': '/opt/ros/jazzy/opt/gz_tools_vendor/bin:/opt/ros/jazzy/bin:/usr/local/cargo/bin:/usr/local/sbin:/usr/local/bin:/usr/sbin:/usr/bin:/sbin:/bin', 'MUJOCO_DIR': '/opt/mujoco/mujoco-3.3.4', 'DISPLAY': ':1', 'LANG': 'C.UTF-8', 'RMW_IMPLEMENTATION': 'rmw_cyclonedds_cpp', 'tty': 'true', 'XAUTHORITY': '/tmp/.Xauthority', 'AMENT_PREFIX_PATH': '/miahand_ws/install/sensor_fusion_bringup:/miahand_ws/install/realsense2_rviz_plugin:/miahand_ws/install/realsense2_ros_mqtt_bridge:/miahand_ws/install/realsense2_description:/miahand_ws/install/realsense2_camera:/miahand_ws/install/realsense2_camera_msgs:/miahand_ws/install/ov_msckf:/miahand_ws/install/ov_init:/miahand_ws/install/ov_eval:/miahand_ws/install/ov_data:/miahand_ws/install/ov_core:/miahand_ws/install/mia_hand_ros2_pkgs:/miahand_ws/install/mia_hand_moveit_config:/miahand_ws/install/mia_hand_ros2_control:/miahand_ws/install/mia_hand_mujoco:/miahand_ws/install/mia_hand_driver:/miahand_ws/install/mia_hand_msgs:/miahand_ws/install/mia_hand_description:/miahand_ws/install/imu_driver:/opt/ros/jazzy', 'DEBIAN_FRONTEND': 'noninteractive', 'ROS_AUTOMATIC_DISCOVERY_RANGE': 'LOCALHOST', 'PWD': '/miahand_ws/src/build_overlay/sensor_fusion_bringup', 'LC_ALL': 'C.UTF-8', 'CARGO_HOME': '/usr/local/cargo', 'PYTHONPATH': '/miahand_ws/install/realsense2_ros_mqtt_bridge/lib/python3.12/site-packages:/miahand_ws/install/realsense2_camera_msgs/lib/python3.12/site-packages:/miahand_ws/install/mia_hand_msgs/lib/python3.12/site-packages:/opt/ros/jazzy/lib/python3.12/site-packages', 'NVIDIA_VISIBLE_DEVICES': 'void', 'COLCON': '1', 'MUJOCO_VERSION': '3.3.4', 'CMAKE_PREFIX_PATH': '/miahand_ws/install/sensor_fusion_bringup:/miahand_ws/install/realsense2_rviz_plugin:/miahand_ws/install/realsense2_description:/miahand_ws/install/realsense2_camera:/miahand_ws/install/realsense2_camera_msgs:/miahand_ws/install/ov_msckf:/miahand_ws/install/ov_init:/miahand_ws/install/ov_eval:/miahand_ws/install/ov_data:/miahand_ws/install/ov_core:/miahand_ws/install/mia_hand_ros2_pkgs:/miahand_ws/install/mia_hand_moveit_config:/miahand_ws/install/mia_hand_ros2_control:/miahand_ws/install/mia_hand_mujoco:/miahand_ws/install/mia_hand_driver:/miahand_ws/install/mia_hand_msgs:/miahand_ws/install/mia_hand_description:/miahand_ws/install/imu_driver:/opt/ros/jazzy/opt/sdformat_vendor:/opt/ros/jazzy/opt/gz_math_vendor:/opt/ros/jazzy/opt/gz_utils_vendor:/opt/ros/jazzy/opt/gz_tools_vendor:/opt/ros/jazzy/opt/gz_cmake_vendor:/miahand_ws/install/realsense2_ros_mqtt_bridge:/opt/ros/jazzy'}), 'shell': False}
[0.099356] (-) TimerEvent: {}
[0.181899] (sensor_fusion_bringup) StdoutLine: {'line': b'-- The C compiler identification is GNU 13.3.0\n'}
[0.199541] (-) TimerEvent: {}
[0.300202] (-) TimerEvent: {}
[0.322070] (sensor_fusion_bringup) StdoutLine: {'line': b'-- The CXX compiler identification is GNU 13.3.0\n'}
[0.364147] (sensor_fusion_bringup) StdoutLine: {'line': b'-- Detecting C compiler ABI info\n'}
[0.400382] (-) TimerEvent: {}
[0.501136] (-) TimerEvent: {}
[0.572995] (sensor_fusion_bringup) StdoutLine: {'line': b'-- Detecting C compiler ABI info - done\n'}
[0.601320] (-) TimerEvent: {}
[0.609621] (sensor_fusion_bringup) StdoutLine: {'line': b'-- Check for working C compiler: /usr/bin/cc - skipped\n'}
[0.610908] (sensor_fusion_bringup) StdoutLine: {'line': b'-- Detecting C compile features\n'}
[0.612039] (sensor_fusion_bringup) StdoutLine: {'line': b'-- Detecting C compile features - done\n'}
[0.634652] (sensor_fusion_bringup) StdoutLine: {'line': b'-- Detecting CXX compiler ABI info\n'}
[0.701519] (-) TimerEvent: {}
[0.802226] (-) TimerEvent: {}
[0.879569] (sensor_fusion_bringup) StdoutLine: {'line': b'-- Detecting CXX compiler ABI info - done\n'}
[0.902346] (-) TimerEvent: {}
[0.909715] (sensor_fusion_bringup) StdoutLine: {'line': b'-- Check for working CXX compiler: /usr/bin/c++ - skipped\n'}
[0.910481] (sensor_fusion_bringup) StdoutLine: {'line': b'-- Detecting CXX compile features\n'}
[0.911805] (sensor_fusion_bringup) StdoutLine: {'line': b'-- Detecting CXX compile features - done\n'}
[0.927208] (sensor_fusion_bringup) StdoutLine: {'line': b'-- Found ament_cmake: 2.5.6 (/opt/ros/jazzy/share/ament_cmake/cmake)\n'}
[1.002583] (-) TimerEvent: {}
[1.103318] (-) TimerEvent: {}
[1.204017] (-) TimerEvent: {}
[1.277908] (sensor_fusion_bringup) StdoutLine: {'line': b'-- Found Python3: /usr/bin/python3 (found version "3.12.3") found components: Interpreter \n'}
[1.304158] (-) TimerEvent: {}
[1.404758] (-) TimerEvent: {}
[1.479287] (sensor_fusion_bringup) StdoutLine: {'line': b'-- Override CMake install command with custom implementation using symlinks instead of copying resources\n'}
[1.504928] (-) TimerEvent: {}
[1.605572] (-) TimerEvent: {}
[1.706248] (-) TimerEvent: {}
[1.806935] (-) TimerEvent: {}
[1.888928] (sensor_fusion_bringup) StdoutLine: {'line': b'-- Configuring done (1.8s)\n'}
[1.898068] (sensor_fusion_bringup) StdoutLine: {'line': b'-- Generating done (0.0s)\n'}
[1.902225] (sensor_fusion_bringup) StdoutLine: {'line': b'-- Build files have been written to: /miahand_ws/src/build_overlay/sensor_fusion_bringup\n'}
[1.907023] (-) TimerEvent: {}
[1.916225] (sensor_fusion_bringup) CommandEnded: {'returncode': 0}
[1.917788] (sensor_fusion_bringup) JobProgress: {'identifier': 'sensor_fusion_bringup', 'progress': 'build'}
[1.919503] (sensor_fusion_bringup) Command: {'cmd': ['/usr/bin/cmake', '--build', '/miahand_ws/src/build_overlay/sensor_fusion_bringup'], 'cwd': '/miahand_ws/src/build_overlay/sensor_fusion_bringup', 'env': OrderedDict({'CMAKE_BUILD_PARALLEL_LEVEL': '1', 'GZ_CONFIG_PATH': '/opt/ros/jazzy/opt/sdformat_vendor/share/gz', 'HOSTNAME': 'ubuntu', 'SHLVL': '1', 'LD_LIBRARY_PATH': '/miahand_ws/install/realsense2_camera/lib:/miahand_ws/install/realsense2_camera_msgs/lib:/miahand_ws/install/ov_msckf/lib:/miahand_ws/install/ov_init/lib:/miahand_ws/install/ov_eval/lib:/miahand_ws/install/ov_core/lib:/miahand_ws/install/mia_hand_ros2_control/lib:/miahand_ws/install/mia_hand_mujoco/lib:/miahand_ws/install/mia_hand_driver/lib:/miahand_ws/install/mia_hand_msgs/lib:/miahand_ws/install/mia_hand_description/lib:/opt/ros/jazzy/opt/sdformat_vendor/lib:/opt/ros/jazzy/opt/rviz_ogre_vendor/lib:/opt/ros/jazzy/lib/aarch64-linux-gnu:/opt/ros/jazzy/opt/gz_math_vendor/lib:/opt/ros/jazzy/opt/gz_utils_vendor/lib:/opt/ros/jazzy/opt/gz_tools_vendor/lib:/opt/ros/jazzy/opt/gz_cmake_vendor/lib:/opt/ros/jazzy/lib::/opt/mujoco/mujoco-3.3.4/lib', 'HOME': '/root', 'OLDPWD': '/miahand_ws', 'ROS_PYTHON_VERSION': '3', 'MAKEFLAGS': '-j1', 'COLCON_PREFIX_PATH': '/miahand_ws/install', 'ROS_DISTRO': 'jazzy', '_': '/usr/bin/colcon', 'ROS_VERSION': '2', 'NVIDIA_DRIVER_CAPABILITIES': 'graphics,display,compute,utility', 'TERM': 'xterm', 'RUSTUP_HOME': '/usr/local/rustup', 'QT_X11_NO_MITSHM': '1', 'PATH': '/opt/ros/jazzy/opt/gz_tools_vendor/bin:/opt/ros/jazzy/bin:/usr/local/cargo/bin:/usr/local/sbin:/usr/local/bin:/usr/sbin:/usr/bin:/sbin:/bin', 'MUJOCO_DIR': '/opt/mujoco/mujoco-3.3.4', 'DISPLAY': ':1', 'LANG': 'C.UTF-8', 'RMW_IMPLEMENTATION': 'rmw_cyclonedds_cpp', 'tty': 'true', 'XAUTHORITY': '/tmp/.Xauthority', 'AMENT_PREFIX_PATH': '/miahand_ws/install/sensor_fusion_bringup:/miahand_ws/install/realsense2_rviz_plugin:/miahand_ws/install/realsense2_ros_mqtt_bridge:/miahand_ws/install/realsense2_description:/miahand_ws/install/realsense2_camera:/miahand_ws/install/realsense2_camera_msgs:/miahand_ws/install/ov_msckf:/miahand_ws/install/ov_init:/miahand_ws/install/ov_eval:/miahand_ws/install/ov_data:/miahand_ws/install/ov_core:/miahand_ws/install/mia_hand_ros2_pkgs:/miahand_ws/install/mia_hand_moveit_config:/miahand_ws/install/mia_hand_ros2_control:/miahand_ws/install/mia_hand_mujoco:/miahand_ws/install/mia_hand_driver:/miahand_ws/install/mia_hand_msgs:/miahand_ws/install/mia_hand_description:/miahand_ws/install/imu_driver:/opt/ros/jazzy', 'DEBIAN_FRONTEND': 'noninteractive', 'ROS_AUTOMATIC_DISCOVERY_RANGE': 'LOCALHOST', 'PWD': '/miahand_ws/src/build_overlay/sensor_fusion_bringup', 'LC_ALL': 'C.UTF-8', 'CARGO_HOME': '/usr/local/cargo', 'PYTHONPATH': '/miahand_ws/install/realsense2_ros_mqtt_bridge/lib/python3.12/site-packages:/miahand_ws/install/realsense2_camera_msgs/lib/python3.12/site-packages:/miahand_ws/install/mia_hand_msgs/lib/python3.12/site-packages:/opt/ros/jazzy/lib/python3.12/site-packages', 'NVIDIA_VISIBLE_DEVICES': 'void', 'COLCON': '1', 'MUJOCO_VERSION': '3.3.4', 'CMAKE_PREFIX_PATH': '/miahand_ws/install/sensor_fusion_bringup:/miahand_ws/install/realsense2_rviz_plugin:/miahand_ws/install/realsense2_description:/miahand_ws/install/realsense2_camera:/miahand_ws/install/realsense2_camera_msgs:/miahand_ws/install/ov_msckf:/miahand_ws/install/ov_init:/miahand_ws/install/ov_eval:/miahand_ws/install/ov_data:/miahand_ws/install/ov_core:/miahand_ws/install/mia_hand_ros2_pkgs:/miahand_ws/install/mia_hand_moveit_config:/miahand_ws/install/mia_hand_ros2_control:/miahand_ws/install/mia_hand_mujoco:/miahand_ws/install/mia_hand_driver:/miahand_ws/install/mia_hand_msgs:/miahand_ws/install/mia_hand_description:/miahand_ws/install/imu_driver:/opt/ros/jazzy/opt/sdformat_vendor:/opt/ros/jazzy/opt/gz_math_vendor:/opt/ros/jazzy/opt/gz_utils_vendor:/opt/ros/jazzy/opt/gz_tools_vendor:/opt/ros/jazzy/opt/gz_cmake_vendor:/miahand_ws/install/realsense2_ros_mqtt_bridge:/opt/ros/jazzy'}), 'shell': False}
[2.007153] (-) TimerEvent: {}
[2.024833] (sensor_fusion_bringup) CommandEnded: {'returncode': 0}
[2.026722] (sensor_fusion_bringup) JobProgress: {'identifier': 'sensor_fusion_bringup', 'progress': 'install'}
[2.052231] (sensor_fusion_bringup) Command: {'cmd': ['/usr/bin/cmake', '--install', '/miahand_ws/src/build_overlay/sensor_fusion_bringup'], 'cwd': '/miahand_ws/src/build_overlay/sensor_fusion_bringup', 'env': OrderedDict({'CMAKE_BUILD_PARALLEL_LEVEL': '1', 'GZ_CONFIG_PATH': '/opt/ros/jazzy/opt/sdformat_vendor/share/gz', 'HOSTNAME': 'ubuntu', 'SHLVL': '1', 'LD_LIBRARY_PATH': '/miahand_ws/install/realsense2_camera/lib:/miahand_ws/install/realsense2_camera_msgs/lib:/miahand_ws/install/ov_msckf/lib:/miahand_ws/install/ov_init/lib:/miahand_ws/install/ov_eval/lib:/miahand_ws/install/ov_core/lib:/miahand_ws/install/mia_hand_ros2_control/lib:/miahand_ws/install/mia_hand_mujoco/lib:/miahand_ws/install/mia_hand_driver/lib:/miahand_ws/install/mia_hand_msgs/lib:/miahand_ws/install/mia_hand_description/lib:/opt/ros/jazzy/opt/sdformat_vendor/lib:/opt/ros/jazzy/opt/rviz_ogre_vendor/lib:/opt/ros/jazzy/lib/aarch64-linux-gnu:/opt/ros/jazzy/opt/gz_math_vendor/lib:/opt/ros/jazzy/opt/gz_utils_vendor/lib:/opt/ros/jazzy/opt/gz_tools_vendor/lib:/opt/ros/jazzy/opt/gz_cmake_vendor/lib:/opt/ros/jazzy/lib::/opt/mujoco/mujoco-3.3.4/lib', 'HOME': '/root', 'OLDPWD': '/miahand_ws', 'ROS_PYTHON_VERSION': '3', 'MAKEFLAGS': '-j1', 'COLCON_PREFIX_PATH': '/miahand_ws/install', 'ROS_DISTRO': 'jazzy', '_': '/usr/bin/colcon', 'ROS_VERSION': '2', 'NVIDIA_DRIVER_CAPABILITIES': 'graphics,display,compute,utility', 'TERM': 'xterm', 'RUSTUP_HOME': '/usr/local/rustup', 'QT_X11_NO_MITSHM': '1', 'PATH': '/opt/ros/jazzy/opt/gz_tools_vendor/bin:/opt/ros/jazzy/bin:/usr/local/cargo/bin:/usr/local/sbin:/usr/local/bin:/usr/sbin:/usr/bin:/sbin:/bin', 'MUJOCO_DIR': '/opt/mujoco/mujoco-3.3.4', 'DISPLAY': ':1', 'LANG': 'C.UTF-8', 'RMW_IMPLEMENTATION': 'rmw_cyclonedds_cpp', 'tty': 'true', 'XAUTHORITY': '/tmp/.Xauthority', 'AMENT_PREFIX_PATH': '/miahand_ws/install/sensor_fusion_bringup:/miahand_ws/install/realsense2_rviz_plugin:/miahand_ws/install/realsense2_ros_mqtt_bridge:/miahand_ws/install/realsense2_description:/miahand_ws/install/realsense2_camera:/miahand_ws/install/realsense2_camera_msgs:/miahand_ws/install/ov_msckf:/miahand_ws/install/ov_init:/miahand_ws/install/ov_eval:/miahand_ws/install/ov_data:/miahand_ws/install/ov_core:/miahand_ws/install/mia_hand_ros2_pkgs:/miahand_ws/install/mia_hand_moveit_config:/miahand_ws/install/mia_hand_ros2_control:/miahand_ws/install/mia_hand_mujoco:/miahand_ws/install/mia_hand_driver:/miahand_ws/install/mia_hand_msgs:/miahand_ws/install/mia_hand_description:/miahand_ws/install/imu_driver:/opt/ros/jazzy', 'DEBIAN_FRONTEND': 'noninteractive', 'ROS_AUTOMATIC_DISCOVERY_RANGE': 'LOCALHOST', 'PWD': '/miahand_ws/src/build_overlay/sensor_fusion_bringup', 'LC_ALL': 'C.UTF-8', 'CARGO_HOME': '/usr/local/cargo', 'PYTHONPATH': '/miahand_ws/install/realsense2_ros_mqtt_bridge/lib/python3.12/site-packages:/miahand_ws/install/realsense2_camera_msgs/lib/python3.12/site-packages:/miahand_ws/install/mia_hand_msgs/lib/python3.12/site-packages:/opt/ros/jazzy/lib/python3.12/site-packages', 'NVIDIA_VISIBLE_DEVICES': 'void', 'COLCON': '1', 'MUJOCO_VERSION': '3.3.4', 'CMAKE_PREFIX_PATH': '/miahand_ws/install/sensor_fusion_bringup:/miahand_ws/install/realsense2_rviz_plugin:/miahand_ws/install/realsense2_description:/miahand_ws/install/realsense2_camera:/miahand_ws/install/realsense2_camera_msgs:/miahand_ws/install/ov_msckf:/miahand_ws/install/ov_init:/miahand_ws/install/ov_eval:/miahand_ws/install/ov_data:/miahand_ws/install/ov_core:/miahand_ws/install/mia_hand_ros2_pkgs:/miahand_ws/install/mia_hand_moveit_config:/miahand_ws/install/mia_hand_ros2_control:/miahand_ws/install/mia_hand_mujoco:/miahand_ws/install/mia_hand_driver:/miahand_ws/install/mia_hand_msgs:/miahand_ws/install/mia_hand_description:/miahand_ws/install/imu_driver:/opt/ros/jazzy/opt/sdformat_vendor:/opt/ros/jazzy/opt/gz_math_vendor:/opt/ros/jazzy/opt/gz_utils_vendor:/opt/ros/jazzy/opt/gz_tools_vendor:/opt/ros/jazzy/opt/gz_cmake_vendor:/miahand_ws/install/realsense2_ros_mqtt_bridge:/opt/ros/jazzy'}), 'shell': False}
[2.074748] (sensor_fusion_bringup) StdoutLine: {'line': b'-- Install configuration: ""\n'}
[2.075663] (sensor_fusion_bringup) StdoutLine: {'line': b'-- Execute custom install script\n'}
[2.076947] (sensor_fusion_bringup) StdoutLine: {'line': b'-- Symlinking: /miahand_ws/src/install_overlay/sensor_fusion_bringup/share/sensor_fusion_bringup/launch/dual_d435i.launch.py\n'}
[2.100258] (sensor_fusion_bringup) StdoutLine: {'line': b'-- Symlinking: /miahand_ws/src/install_overlay/sensor_fusion_bringup/share/sensor_fusion_bringup/launch/single_d435i.launch.py\n'}
[2.107258] (-) TimerEvent: {}
[2.122094] (sensor_fusion_bringup) StdoutLine: {'line': b'-- Symlinking: /miahand_ws/src/install_overlay/sensor_fusion_bringup/share/sensor_fusion_bringup/launch/two_imus.launch.py\n'}
[2.147383] (sensor_fusion_bringup) StdoutLine: {'line': b'-- Symlinking: /miahand_ws/src/install_overlay/sensor_fusion_bringup/share/sensor_fusion_bringup/launch/two_imus_ekf.launch.py\n'}
[2.171249] (sensor_fusion_bringup) StdoutLine: {'line': b'-- Symlinking: /miahand_ws/src/install_overlay/sensor_fusion_bringup/share/sensor_fusion_bringup/config/d435i_cameras.yaml\n'}
[2.195620] (sensor_fusion_bringup) StdoutLine: {'line': b'-- Symlinking: /miahand_ws/src/install_overlay/sensor_fusion_bringup/share/sensor_fusion_bringup/config/ekf_imu_only.yaml\n'}
[2.207408] (-) TimerEvent: {}
[2.218170] (sensor_fusion_bringup) StdoutLine: {'line': b'-- Symlinking: /miahand_ws/src/install_overlay/sensor_fusion_bringup/share/sensor_fusion_bringup/config/openvins/head_d435i_336222071386/estimator_config.yaml\n'}
[2.241891] (sensor_fusion_bringup) StdoutLine: {'line': b'-- Symlinking: /miahand_ws/src/install_overlay/sensor_fusion_bringup/share/sensor_fusion_bringup/config/openvins/head_d435i_336222071386/imu_noise_inflated10x_source.yaml\n'}
[2.264256] (sensor_fusion_bringup) StdoutLine: {'line': b'-- Symlinking: /miahand_ws/src/install_overlay/sensor_fusion_bringup/share/sensor_fusion_bringup/config/openvins/head_d435i_336222071386/kalibr_imu_chain.yaml\n'}
[2.291032] (sensor_fusion_bringup) StdoutLine: {'line': b'-- Symlinking: /miahand_ws/src/install_overlay/sensor_fusion_bringup/share/sensor_fusion_bringup/config/openvins/head_d435i_336222071386/kalibr_imucam_chain.yaml\n'}
[2.307595] (-) TimerEvent: {}
[2.316422] (sensor_fusion_bringup) StdoutLine: {'line': b'-- Symlinking: /miahand_ws/src/install_overlay/sensor_fusion_bringup/share/ament_index/resource_index/package_run_dependencies/sensor_fusion_bringup\n'}
[2.342490] (sensor_fusion_bringup) StdoutLine: {'line': b'-- Symlinking: /miahand_ws/src/install_overlay/sensor_fusion_bringup/share/ament_index/resource_index/parent_prefix_path/sensor_fusion_bringup\n'}
[2.366138] (sensor_fusion_bringup) StdoutLine: {'line': b'-- Symlinking: /miahand_ws/src/install_overlay/sensor_fusion_bringup/share/sensor_fusion_bringup/environment/ament_prefix_path.sh\n'}
[2.389221] (sensor_fusion_bringup) StdoutLine: {'line': b'-- Symlinking: /miahand_ws/src/install_overlay/sensor_fusion_bringup/share/sensor_fusion_bringup/environment/ament_prefix_path.dsv\n'}
[2.407747] (-) TimerEvent: {}
[2.412918] (sensor_fusion_bringup) StdoutLine: {'line': b'-- Symlinking: /miahand_ws/src/install_overlay/sensor_fusion_bringup/share/sensor_fusion_bringup/environment/path.sh\n'}
[2.436846] (sensor_fusion_bringup) StdoutLine: {'line': b'-- Symlinking: /miahand_ws/src/install_overlay/sensor_fusion_bringup/share/sensor_fusion_bringup/environment/path.dsv\n'}
[2.464282] (sensor_fusion_bringup) StdoutLine: {'line': b'-- Symlinking: /miahand_ws/src/install_overlay/sensor_fusion_bringup/share/sensor_fusion_bringup/local_setup.bash\n'}
[2.487666] (sensor_fusion_bringup) StdoutLine: {'line': b'-- Symlinking: /miahand_ws/src/install_overlay/sensor_fusion_bringup/share/sensor_fusion_bringup/local_setup.sh\n'}
[2.507943] (-) TimerEvent: {}
[2.511911] (sensor_fusion_bringup) StdoutLine: {'line': b'-- Symlinking: /miahand_ws/src/install_overlay/sensor_fusion_bringup/share/sensor_fusion_bringup/local_setup.zsh\n'}
[2.535907] (sensor_fusion_bringup) StdoutLine: {'line': b'-- Symlinking: /miahand_ws/src/install_overlay/sensor_fusion_bringup/share/sensor_fusion_bringup/local_setup.dsv\n'}
[2.561092] (sensor_fusion_bringup) StdoutLine: {'line': b'-- Symlinking: /miahand_ws/src/install_overlay/sensor_fusion_bringup/share/sensor_fusion_bringup/package.dsv\n'}
[2.585260] (sensor_fusion_bringup) StdoutLine: {'line': b'-- Symlinking: /miahand_ws/src/install_overlay/sensor_fusion_bringup/share/ament_index/resource_index/packages/sensor_fusion_bringup\n'}
[2.608097] (-) TimerEvent: {}
[2.608573] (sensor_fusion_bringup) StdoutLine: {'line': b'-- Symlinking: /miahand_ws/src/install_overlay/sensor_fusion_bringup/share/sensor_fusion_bringup/cmake/sensor_fusion_bringupConfig.cmake\n'}
[2.632096] (sensor_fusion_bringup) StdoutLine: {'line': b'-- Symlinking: /miahand_ws/src/install_overlay/sensor_fusion_bringup/share/sensor_fusion_bringup/cmake/sensor_fusion_bringupConfig-version.cmake\n'}
[2.654649] (sensor_fusion_bringup) StdoutLine: {'line': b'-- Symlinking: /miahand_ws/src/install_overlay/sensor_fusion_bringup/share/sensor_fusion_bringup/package.xml\n'}
[2.684588] (sensor_fusion_bringup) CommandEnded: {'returncode': 0}
[2.712218] (-) TimerEvent: {}
[2.744153] (sensor_fusion_bringup) JobEnded: {'identifier': 'sensor_fusion_bringup', 'rc': 0}
[2.746017] (-) EventReactorShutdown: {}
