-- The C compiler identification is GNU 13.3.0
-- The CXX compiler identification is GNU 13.3.0
-- Detecting C compiler ABI info
-- Detecting C compiler ABI info - done
-- Check for working C compiler: /usr/bin/cc - skipped
-- Detecting C compile features
-- Detecting C compile features - done
-- Detecting CXX compiler ABI info
-- Detecting CXX compiler ABI info - done
-- Check for working CXX compiler: /usr/bin/c++ - skipped
-- Detecting CXX compile features
-- Detecting CXX compile features - done
-- Found ament_cmake: 2.5.6 (/opt/ros/jazzy/share/ament_cmake/cmake)
-- Found Python3: /usr/bin/python3 (found version "3.12.3") found components: Interpreter 
-- Override CMake install command with custom implementation using symlinks instead of copying resources
-- Configuring done (1.8s)
-- Generating done (0.0s)
-- Build files have been written to: /miahand_ws/src/build_overlay/sensor_fusion_bringup
-- Install configuration: ""
-- Execute custom install script
-- Symlinking: /miahand_ws/src/install_overlay/sensor_fusion_bringup/share/sensor_fusion_bringup/launch/dual_d435i.launch.py
-- Symlinking: /miahand_ws/src/install_overlay/sensor_fusion_bringup/share/sensor_fusion_bringup/launch/single_d435i.launch.py
-- Symlinking: /miahand_ws/src/install_overlay/sensor_fusion_bringup/share/sensor_fusion_bringup/launch/two_imus.launch.py
-- Symlinking: /miahand_ws/src/install_overlay/sensor_fusion_bringup/share/sensor_fusion_bringup/launch/two_imus_ekf.launch.py
-- Symlinking: /miahand_ws/src/install_overlay/sensor_fusion_bringup/share/sensor_fusion_bringup/config/d435i_cameras.yaml
-- Symlinking: /miahand_ws/src/install_overlay/sensor_fusion_bringup/share/sensor_fusion_bringup/config/ekf_imu_only.yaml
-- Symlinking: /miahand_ws/src/install_overlay/sensor_fusion_bringup/share/sensor_fusion_bringup/config/openvins/head_d435i_336222071386/estimator_config.yaml
-- Symlinking: /miahand_ws/src/install_overlay/sensor_fusion_bringup/share/sensor_fusion_bringup/config/openvins/head_d435i_336222071386/imu_noise_inflated10x_source.yaml
-- Symlinking: /miahand_ws/src/install_overlay/sensor_fusion_bringup/share/sensor_fusion_bringup/config/openvins/head_d435i_336222071386/kalibr_imu_chain.yaml
-- Symlinking: /miahand_ws/src/install_overlay/sensor_fusion_bringup/share/sensor_fusion_bringup/config/openvins/head_d435i_336222071386/kalibr_imucam_chain.yaml
-- Symlinking: /miahand_ws/src/install_overlay/sensor_fusion_bringup/share/ament_index/resource_index/package_run_dependencies/sensor_fusion_bringup
-- Symlinking: /miahand_ws/src/install_overlay/sensor_fusion_bringup/share/ament_index/resource_index/parent_prefix_path/sensor_fusion_bringup
-- Symlinking: /miahand_ws/src/install_overlay/sensor_fusion_bringup/share/sensor_fusion_bringup/environment/ament_prefix_path.sh
-- Symlinking: /miahand_ws/src/install_overlay/sensor_fusion_bringup/share/sensor_fusion_bringup/environment/ament_prefix_path.dsv
-- Symlinking: /miahand_ws/src/install_overlay/sensor_fusion_bringup/share/sensor_fusion_bringup/environment/path.sh
-- Symlinking: /miahand_ws/src/install_overlay/sensor_fusion_bringup/share/sensor_fusion_bringup/environment/path.dsv
-- Symlinking: /miahand_ws/src/install_overlay/sensor_fusion_bringup/share/sensor_fusion_bringup/local_setup.bash
-- Symlinking: /miahand_ws/src/install_overlay/sensor_fusion_bringup/share/sensor_fusion_bringup/local_setup.sh
-- Symlinking: /miahand_ws/src/install_overlay/sensor_fusion_bringup/share/sensor_fusion_bringup/local_setup.zsh
-- Symlinking: /miahand_ws/src/install_overlay/sensor_fusion_bringup/share/sensor_fusion_bringup/local_setup.dsv
-- Symlinking: /miahand_ws/src/install_overlay/sensor_fusion_bringup/share/sensor_fusion_bringup/package.dsv
-- Symlinking: /miahand_ws/src/install_overlay/sensor_fusion_bringup/share/ament_index/resource_index/packages/sensor_fusion_bringup
-- Symlinking: /miahand_ws/src/install_overlay/sensor_fusion_bringup/share/sensor_fusion_bringup/cmake/sensor_fusion_bringupConfig.cmake
-- Symlinking: /miahand_ws/src/install_overlay/sensor_fusion_bringup/share/sensor_fusion_bringup/cmake/sensor_fusion_bringupConfig-version.cmake
-- Symlinking: /miahand_ws/src/install_overlay/sensor_fusion_bringup/share/sensor_fusion_bringup/package.xml
