-- Install configuration: ""
-- Execute custom install script
-- Up-to-date symlink: /miahand_ws/src/install_overlay/sensor_fusion_bringup/share/sensor_fusion_bringup/launch/dual_d435i.launch.py
-- Symlinking: /miahand_ws/src/install_overlay/sensor_fusion_bringup/share/sensor_fusion_bringup/launch/head_d435i_openvins.launch.py
-- Up-to-date symlink: /miahand_ws/src/install_overlay/sensor_fusion_bringup/share/sensor_fusion_bringup/launch/single_d435i.launch.py
-- Up-to-date symlink: /miahand_ws/src/install_overlay/sensor_fusion_bringup/share/sensor_fusion_bringup/launch/two_imus.launch.py
-- Up-to-date symlink: /miahand_ws/src/install_overlay/sensor_fusion_bringup/share/sensor_fusion_bringup/launch/two_imus_ekf.launch.py
-- Up-to-date symlink: /miahand_ws/src/install_overlay/sensor_fusion_bringup/share/sensor_fusion_bringup/config/d435i_cameras.yaml
-- Up-to-date symlink: /miahand_ws/src/install_overlay/sensor_fusion_bringup/share/sensor_fusion_bringup/config/ekf_imu_only.yaml
-- Up-to-date symlink: /miahand_ws/src/install_overlay/sensor_fusion_bringup/share/sensor_fusion_bringup/config/openvins/head_d435i_336222071386/estimator_config.yaml
-- Up-to-date symlink: /miahand_ws/src/install_overlay/sensor_fusion_bringup/share/sensor_fusion_bringup/config/openvins/head_d435i_336222071386/imu_noise_inflated10x_source.yaml
-- Up-to-date symlink: /miahand_ws/src/install_overlay/sensor_fusion_bringup/share/sensor_fusion_bringup/config/openvins/head_d435i_336222071386/kalibr_imu_chain.yaml
-- Up-to-date symlink: /miahand_ws/src/install_overlay/sensor_fusion_bringup/share/sensor_fusion_bringup/config/openvins/head_d435i_336222071386/kalibr_imucam_chain.yaml
-- Up-to-date symlink: /miahand_ws/src/install_overlay/sensor_fusion_bringup/share/ament_index/resource_index/package_run_dependencies/sensor_fusion_bringup
-- Up-to-date symlink: /miahand_ws/src/install_overlay/sensor_fusion_bringup/share/ament_index/resource_index/parent_prefix_path/sensor_fusion_bringup
-- Up-to-date symlink: /miahand_ws/src/install_overlay/sensor_fusion_bringup/share/sensor_fusion_bringup/environment/ament_prefix_path.sh
-- Up-to-date symlink: /miahand_ws/src/install_overlay/sensor_fusion_bringup/share/sensor_fusion_bringup/environment/ament_prefix_path.dsv
-- Up-to-date symlink: /miahand_ws/src/install_overlay/sensor_fusion_bringup/share/sensor_fusion_bringup/environment/path.sh
-- Up-to-date symlink: /miahand_ws/src/install_overlay/sensor_fusion_bringup/share/sensor_fusion_bringup/environment/path.dsv
-- Up-to-date symlink: /miahand_ws/src/install_overlay/sensor_fusion_bringup/share/sensor_fusion_bringup/local_setup.bash
-- Up-to-date symlink: /miahand_ws/src/install_overlay/sensor_fusion_bringup/share/sensor_fusion_bringup/local_setup.sh
-- Up-to-date symlink: /miahand_ws/src/install_overlay/sensor_fusion_bringup/share/sensor_fusion_bringup/local_setup.zsh
-- Up-to-date symlink: /miahand_ws/src/install_overlay/sensor_fusion_bringup/share/sensor_fusion_bringup/local_setup.dsv
-- Symlinking: /miahand_ws/src/install_overlay/sensor_fusion_bringup/share/sensor_fusion_bringup/package.dsv
-- Up-to-date symlink: /miahand_ws/src/install_overlay/sensor_fusion_bringup/share/ament_index/resource_index/packages/sensor_fusion_bringup
-- Up-to-date symlink: /miahand_ws/src/install_overlay/sensor_fusion_bringup/share/sensor_fusion_bringup/cmake/sensor_fusion_bringupConfig.cmake
-- Up-to-date symlink: /miahand_ws/src/install_overlay/sensor_fusion_bringup/share/sensor_fusion_bringup/cmake/sensor_fusion_bringupConfig-version.cmake
-- Up-to-date symlink: /miahand_ws/src/install_overlay/sensor_fusion_bringup/share/sensor_fusion_bringup/package.xml
