[0.034s] Invoking command in '/miahand_ws/src/build_overlay/sensor_fusion_bringup': CMAKE_PREFIX_PATH=${CMAKE_PREFIX_PATH}:/miahand_ws/install/realsense2_ros_mqtt_bridge:/opt/ros/jazzy /usr/bin/cmake --build /miahand_ws/src/build_overlay/sensor_fusion_bringup
[0.151s] Invoked command in '/miahand_ws/src/build_overlay/sensor_fusion_bringup' returned '0': CMAKE_PREFIX_PATH=${CMAKE_PREFIX_PATH}:/miahand_ws/install/realsense2_ros_mqtt_bridge:/opt/ros/jazzy /usr/bin/cmake --build /miahand_ws/src/build_overlay/sensor_fusion_bringup
[0.179s] Invoking command in '/miahand_ws/src/build_overlay/sensor_fusion_bringup': CMAKE_PREFIX_PATH=${CMAKE_PREFIX_PATH}:/miahand_ws/install/realsense2_ros_mqtt_bridge:/opt/ros/jazzy /usr/bin/cmake --install /miahand_ws/src/build_overlay/sensor_fusion_bringup
[0.202s] -- Install configuration: ""
[0.202s] -- Execute custom install script
[0.203s] -- Up-to-date symlink: /miahand_ws/src/install_overlay/sensor_fusion_bringup/share/sensor_fusion_bringup/launch/dual_d435i.launch.py
[0.204s] -- Symlinking: /miahand_ws/src/install_overlay/sensor_fusion_bringup/share/sensor_fusion_bringup/launch/head_d435i_openvins.launch.py
[0.228s] -- Up-to-date symlink: /miahand_ws/src/install_overlay/sensor_fusion_bringup/share/sensor_fusion_bringup/launch/single_d435i.launch.py
[0.229s] -- Up-to-date symlink: /miahand_ws/src/install_overlay/sensor_fusion_bringup/share/sensor_fusion_bringup/launch/two_imus.launch.py
[0.229s] -- Up-to-date symlink: /miahand_ws/src/install_overlay/sensor_fusion_bringup/share/sensor_fusion_bringup/launch/two_imus_ekf.launch.py
[0.229s] -- Up-to-date symlink: /miahand_ws/src/install_overlay/sensor_fusion_bringup/share/sensor_fusion_bringup/config/d435i_cameras.yaml
[0.229s] -- Up-to-date symlink: /miahand_ws/src/install_overlay/sensor_fusion_bringup/share/sensor_fusion_bringup/config/ekf_imu_only.yaml
[0.230s] -- Up-to-date symlink: /miahand_ws/src/install_overlay/sensor_fusion_bringup/share/sensor_fusion_bringup/config/openvins/head_d435i_336222071386/estimator_config.yaml
[0.230s] -- Up-to-date symlink: /miahand_ws/src/install_overlay/sensor_fusion_bringup/share/sensor_fusion_bringup/config/openvins/head_d435i_336222071386/imu_noise_inflated10x_source.yaml
[0.231s] -- Up-to-date symlink: /miahand_ws/src/install_overlay/sensor_fusion_bringup/share/sensor_fusion_bringup/config/openvins/head_d435i_336222071386/kalibr_imu_chain.yaml
[0.231s] -- Up-to-date symlink: /miahand_ws/src/install_overlay/sensor_fusion_bringup/share/sensor_fusion_bringup/config/openvins/head_d435i_336222071386/kalibr_imucam_chain.yaml
[0.232s] -- Up-to-date symlink: /miahand_ws/src/install_overlay/sensor_fusion_bringup/share/ament_index/resource_index/package_run_dependencies/sensor_fusion_bringup
[0.232s] -- Up-to-date symlink: /miahand_ws/src/install_overlay/sensor_fusion_bringup/share/ament_index/resource_index/parent_prefix_path/sensor_fusion_bringup
[0.232s] -- Up-to-date symlink: /miahand_ws/src/install_overlay/sensor_fusion_bringup/share/sensor_fusion_bringup/environment/ament_prefix_path.sh
[0.233s] -- Up-to-date symlink: /miahand_ws/src/install_overlay/sensor_fusion_bringup/share/sensor_fusion_bringup/environment/ament_prefix_path.dsv
[0.233s] -- Up-to-date symlink: /miahand_ws/src/install_overlay/sensor_fusion_bringup/share/sensor_fusion_bringup/environment/path.sh
[0.233s] -- Up-to-date symlink: /miahand_ws/src/install_overlay/sensor_fusion_bringup/share/sensor_fusion_bringup/environment/path.dsv
[0.233s] -- Up-to-date symlink: /miahand_ws/src/install_overlay/sensor_fusion_bringup/share/sensor_fusion_bringup/local_setup.bash
[0.234s] -- Up-to-date symlink: /miahand_ws/src/install_overlay/sensor_fusion_bringup/share/sensor_fusion_bringup/local_setup.sh
[0.235s] -- Up-to-date symlink: /miahand_ws/src/install_overlay/sensor_fusion_bringup/share/sensor_fusion_bringup/local_setup.zsh
[0.236s] -- Up-to-date symlink: /miahand_ws/src/install_overlay/sensor_fusion_bringup/share/sensor_fusion_bringup/local_setup.dsv
[0.236s] -- Symlinking: /miahand_ws/src/install_overlay/sensor_fusion_bringup/share/sensor_fusion_bringup/package.dsv
[0.260s] -- Up-to-date symlink: /miahand_ws/src/install_overlay/sensor_fusion_bringup/share/ament_index/resource_index/packages/sensor_fusion_bringup
[0.260s] -- Up-to-date symlink: /miahand_ws/src/install_overlay/sensor_fusion_bringup/share/sensor_fusion_bringup/cmake/sensor_fusion_bringupConfig.cmake
[0.261s] -- Up-to-date symlink: /miahand_ws/src/install_overlay/sensor_fusion_bringup/share/sensor_fusion_bringup/cmake/sensor_fusion_bringupConfig-version.cmake
[0.261s] -- Up-to-date symlink: /miahand_ws/src/install_overlay/sensor_fusion_bringup/share/sensor_fusion_bringup/package.xml
[0.264s] Invoked command in '/miahand_ws/src/build_overlay/sensor_fusion_bringup' returned '0': CMAKE_PREFIX_PATH=${CMAKE_PREFIX_PATH}:/miahand_ws/install/realsense2_ros_mqtt_bridge:/opt/ros/jazzy /usr/bin/cmake --install /miahand_ws/src/build_overlay/sensor_fusion_bringup
